#
# There is insufficient memory for the Java Runtime Environment to continue.
# Native memory allocation (mmap) failed to map 469762048 bytes. Error detail: G1 virtual space
# Possible reasons:
#   The system is out of physical RAM or swap space
#   This process is running with CompressedOops enabled, and the Java Heap may be blocking the growth of the native heap
# Possible solutions:
#   Reduce memory load on the system
#   Increase physical memory or swap space
#   Check if swap backing store is full
#   Decrease Java heap size (-Xmx/-Xms)
#   Decrease number of Java threads
#   Decrease Java thread stack sizes (-Xss)
#   Set larger code cache with -XX:ReservedCodeCacheSize=
#   JVM is running with Zero Based Compressed Oops mode in which the Java heap is
#     placed in the first 32GB address space. The Java Heap base address is the
#     maximum limit for the native heap growth. Please use -XX:HeapBaseMinAddress
#     to set the Java Heap base and to place the Java Heap above 32GB virtual address.
# This output file may be truncated or incomplete.
#
#  Out of Memory Error (os_windows.cpp:3925), pid=43836, tid=39456
#
# JRE version:  (21.0.8+1) (build )
# Java VM: OpenJDK 64-Bit Server VM (21.0.8+1-b1038.71, mixed mode, sharing, tiered, compressed oops, compressed class ptrs, g1 gc, windows-amd64)
# No core dump will be written. Minidumps are not enabled by default on client versions of Windows
#

---------------  S U M M A R Y ------------

Command Line: -Dfile.encoding=GBK D:\devcostudio\DevEco Studio\sdk\default\openharmony\toolchains\lib\app_packing_tool.jar --mode hap --force true --lib-path D:\recruitment\recruitment\entry\build\default\intermediates\stripped_native_libs\default --json-path D:\recruitment\recruitment\entry\build\default\intermediates\package\default\module.json --resources-path D:\recruitment\recruitment\entry\build\default\intermediates\res\default\resources --index-path D:\recruitment\recruitment\entry\build\default\intermediates\res\default\resources.index --pack-info-path D:\recruitment\recruitment\entry\build\default\outputs\default\pack.info --out-path D:\recruitment\recruitment\entry\build\default\outputs\default\entry-default-unsigned.hap --ets-path D:\recruitment\recruitment\entry\build\default\intermediates\loader_out\default\ets --pkg-context-path D:\recruitment\recruitment\entry\build\default\intermediates\loader\default\pkgContextInfo.json

Host: AMD Ryzen 7 7840HS with Radeon 780M Graphics, 16 cores, 27G,  Windows 11 , 64 bit Build 26100 (10.0.26100.7309)
Time: Wed Jun 10 20:14:35 2026 elapsed time: 0.031818 seconds (0d 0h 0m 0s)

---------------  T H R E A D  ---------------

Current thread (0x000002aa3ace6660):  JavaThread "Unknown thread" [_thread_in_vm, id=39456, stack(0x000000b2d0f00000,0x000000b2d1000000) (1024K)]

Stack: [0x000000b2d0f00000,0x000000b2d1000000]
Native frames: (J=compiled Java code, j=interpreted, Vv=VM code, C=native code)
V  [jvm.dll+0x6ebeb9]
V  [jvm.dll+0x8cbec3]
V  [jvm.dll+0x8ce47e]
V  [jvm.dll+0x8ceb63]
V  [jvm.dll+0x28adf6]
V  [jvm.dll+0x6e8695]
V  [jvm.dll+0x6dbeea]
V  [jvm.dll+0x36689b]
V  [jvm.dll+0x36e466]
V  [jvm.dll+0x3c08c6]
V  [jvm.dll+0x3c0b98]
V  [jvm.dll+0x3390cc]
V  [jvm.dll+0x339dbb]
V  [jvm.dll+0x893349]
V  [jvm.dll+0x3cda98]
V  [jvm.dll+0x87c368]
V  [jvm.dll+0x46283e]
V  [jvm.dll+0x464521]
C  [jli.dll+0x52ab]
C  [ucrtbase.dll+0x37b0]
C  [KERNEL32.DLL+0x2e8d7]
C  [ntdll.dll+0x8c53c]


---------------  P R O C E S S  ---------------

Threads class SMR info:
_java_thread_list=0x00007ff8fefe32c8, length=0, elements={
}

Java Threads: ( => current thread )
Total: 0

Other Threads:
  0x000002aa3cfa2ef0 WorkerThread "GC Thread#0"                     [id=56732, stack(0x000000b2d1000000,0x000000b2d1100000) (1024K)]
  0x000002aa3cfb32f0 ConcurrentGCThread "G1 Main Marker"            [id=39692, stack(0x000000b2d1100000,0x000000b2d1200000) (1024K)]
  0x000002aa3cfb44a0 WorkerThread "G1 Conc#0"                       [id=46520, stack(0x000000b2d1200000,0x000000b2d1300000) (1024K)]

[error occurred during error reporting (printing all threads), id 0xc0000005, EXCEPTION_ACCESS_VIOLATION (0xc0000005) at pc=0x00007ff8fe6cc0b7]
VM state: not at safepoint (not fully initialized)

VM Mutex/Monitor currently owned by a thread:  ([mutex/lock_event])
[0x00007ff8ff057d58] Heap_lock - owner thread: 0x000002aa3ace6660

Heap address: 0x0000000643000000, size: 7120 MB, Compressed Oops mode: Zero based, Oop shift amount: 3

CDS archive(s) mapped at: [0x0000000000000000-0x0000000000000000-0x0000000000000000), size 0, SharedBaseAddress: 0x0000000800000000, ArchiveRelocationMode: 1.
Narrow klass base: 0x0000000000000000, Narrow klass shift: 0, Narrow klass range: 0x0

GC Precious Log:
 CardTable entry size: 512
 Card Set container configuration: InlinePtr #cards 4 size 8 Array Of Cards #cards 32 size 80 Howl #buckets 8 coarsen threshold 7372 Howl Bitmap #cards 1024 size 144 coarsen threshold 921 Card regions per heap region 1 cards per card region 8192

Heap:
 garbage-first heap   total 0K, used 0K [0x0000000643000000, 0x0000000800000000)
  region size 4096K, 0 young (0K), 0 survivors (0K)
 Metaspace       used 0K, committed 0K, reserved 0K
  class space    used 0K, committed 0K, reserved 0K

Heap Regions: E=young(eden), S=young(survivor), O=old, HS=humongous(starts), HC=humongous(continues), CS=collection set, F=free, TAMS=top-at-mark-start, PB=parsable bottom

Card table byte_map: [0x000002aa51600000,0x000002aa523f0000] _byte_map_base: 0x000002aa4e3e8000

Marking Bits: (CMBitMap*) 0x000002aa3cfa3d10
 Bits: [0x000002aa523f0000, 0x000002aa59330000)

GC Heap History (0 events):
No events

Dll operation events (1 events):
Event: 0.016 Loaded shared library D:\devcostudio\DevEco Studio\jbr\bin\java.dll

Deoptimization events (0 events):
No events

Classes loaded (0 events):
No events

Classes unloaded (0 events):
No events

Classes redefined (0 events):
No events

Internal exceptions (0 events):
No events

ZGC Phase Switch (0 events):
No events

VM Operations (0 events):
No events

Memory protections (0 events):
No events

Nmethod flushes (0 events):
No events

Events (0 events):
No events


Dynamic libraries:
0x00007ff7d3430000 - 0x00007ff7d343a000 	D:\devcostudio\DevEco Studio\jbr\bin\java.exe
0x00007ffa32f00000 - 0x00007ffa33167000 	C:\WINDOWS\SYSTEM32\ntdll.dll
0x00007ffa325a0000 - 0x00007ffa32669000 	C:\WINDOWS\System32\KERNEL32.DLL
0x00007ffa308a0000 - 0x00007ffa30c8f000 	C:\WINDOWS\System32\KERNELBASE.dll
0x00007ffa30750000 - 0x00007ffa3089b000 	C:\WINDOWS\System32\ucrtbase.dll
0x00007ffa1c0a0000 - 0x00007ffa1c0b8000 	D:\devcostudio\DevEco Studio\jbr\bin\jli.dll
0x00007ffa09c00000 - 0x00007ffa09c1b000 	D:\devcostudio\DevEco Studio\jbr\bin\VCRUNTIME140.dll
0x00007ffa323d0000 - 0x00007ffa32595000 	C:\WINDOWS\System32\USER32.dll
0x00007ffa30440000 - 0x00007ffa30467000 	C:\WINDOWS\System32\win32u.dll
0x00007ffa32d90000 - 0x00007ffa32dbb000 	C:\WINDOWS\System32\GDI32.dll
0x00007ffa30310000 - 0x00007ffa3043c000 	C:\WINDOWS\System32\gdi32full.dll
0x00007ffa10b80000 - 0x00007ffa10e13000 	C:\WINDOWS\WinSxS\amd64_microsoft.windows.common-controls_6595b64144ccf1df_6.0.26100.7309_none_3e05feeae336a044\COMCTL32.dll
0x00007ffa306a0000 - 0x00007ffa30743000 	C:\WINDOWS\System32\msvcp_win.dll
0x00007ffa30df0000 - 0x00007ffa30e99000 	C:\WINDOWS\System32\msvcrt.dll
0x00007ffa316e0000 - 0x00007ffa31711000 	C:\WINDOWS\System32\IMM32.DLL
0x00007ffa0d530000 - 0x00007ffa0d53c000 	D:\devcostudio\DevEco Studio\jbr\bin\vcruntime140_1.dll
0x00007ff9d9770000 - 0x00007ff9d97fd000 	D:\devcostudio\DevEco Studio\jbr\bin\msvcp140.dll
0x00007ff8fe380000 - 0x00007ff8ff14b000 	D:\devcostudio\DevEco Studio\jbr\bin\server\jvm.dll
0x00007ffa31620000 - 0x00007ffa316d4000 	C:\WINDOWS\System32\ADVAPI32.dll
0x00007ffa317e0000 - 0x00007ffa31886000 	C:\WINDOWS\System32\sechost.dll
0x00007ffa32c70000 - 0x00007ffa32d88000 	C:\WINDOWS\System32\RPCRT4.dll
0x00007ffa32350000 - 0x00007ffa323c4000 	C:\WINDOWS\System32\WS2_32.dll
0x00007ffa2fe00000 - 0x00007ffa2fe5e000 	C:\WINDOWS\SYSTEM32\POWRPROF.dll
0x00007ffa24370000 - 0x00007ffa2437b000 	C:\WINDOWS\SYSTEM32\VERSION.dll
0x00007ffa258e0000 - 0x00007ffa25915000 	C:\WINDOWS\SYSTEM32\WINMM.dll
0x00007ffa2fce0000 - 0x00007ffa2fcf4000 	C:\WINDOWS\SYSTEM32\UMPDC.dll
0x00007ffa2ee00000 - 0x00007ffa2ee1b000 	C:\WINDOWS\SYSTEM32\kernel.appcore.dll
0x00007ffa092d0000 - 0x00007ffa092da000 	D:\devcostudio\DevEco Studio\jbr\bin\jimage.dll
0x00007ffa2ce50000 - 0x00007ffa2d092000 	C:\WINDOWS\SYSTEM32\DBGHELP.DLL
0x00007ffa32880000 - 0x00007ffa32c05000 	C:\WINDOWS\System32\combase.dll
0x00007ffa30d10000 - 0x00007ffa30de6000 	C:\WINDOWS\System32\OLEAUT32.dll
0x00007ffa0cf30000 - 0x00007ffa0cf6c000 	C:\WINDOWS\SYSTEM32\dbgcore.DLL
0x00007ffa30470000 - 0x00007ffa30515000 	C:\WINDOWS\System32\bcryptPrimitives.dll
0x00007ffa073d0000 - 0x00007ffa073f0000 	D:\devcostudio\DevEco Studio\jbr\bin\java.dll

JVMTI agents: none

dbghelp: loaded successfully - version: 4.0.5 - missing functions: none
symbol engine: initialized successfully - sym options: 0x614 - pdb path: .;D:\devcostudio\DevEco Studio\jbr\bin;C:\WINDOWS\SYSTEM32;C:\WINDOWS\WinSxS\amd64_microsoft.windows.common-controls_6595b64144ccf1df_6.0.26100.7309_none_3e05feeae336a044;D:\devcostudio\DevEco Studio\jbr\bin\server

VM Arguments:
jvm_args: -Dfile.encoding=GBK 
java_command: D:\devcostudio\DevEco Studio\sdk\default\openharmony\toolchains\lib\app_packing_tool.jar --mode hap --force true --lib-path D:\recruitment\recruitment\entry\build\default\intermediates\stripped_native_libs\default --json-path D:\recruitment\recruitment\entry\build\default\intermediates\package\default\module.json --resources-path D:\recruitment\recruitment\entry\build\default\intermediates\res\default\resources --index-path D:\recruitment\recruitment\entry\build\default\intermediates\res\default\resources.index --pack-info-path D:\recruitment\recruitment\entry\build\default\outputs\default\pack.info --out-path D:\recruitment\recruitment\entry\build\default\outputs\default\entry-default-unsigned.hap --ets-path D:\recruitment\recruitment\entry\build\default\intermediates\loader_out\default\ets --pkg-context-path D:\recruitment\recruitment\entry\build\default\intermediates\loader\default\pkgContextInfo.json
java_class_path (initial): D:\devcostudio\DevEco Studio\sdk\default\openharmony\toolchains\lib\app_packing_tool.jar
Launcher Type: SUN_STANDARD

[Global flags]
     intx CICompilerCount                          = 12                                        {product} {ergonomic}
     uint ConcGCThreads                            = 3                                         {product} {ergonomic}
     uint G1ConcRefinementThreads                  = 13                                        {product} {ergonomic}
   size_t G1HeapRegionSize                         = 4194304                                   {product} {ergonomic}
    uintx GCDrainStackTargetSize                   = 64                                        {product} {ergonomic}
   size_t InitialHeapSize                          = 469762048                                 {product} {ergonomic}
   size_t MarkStackSize                            = 4194304                                   {product} {ergonomic}
   size_t MaxHeapSize                              = 7465861120                                {product} {ergonomic}
   size_t MinHeapDeltaBytes                        = 4194304                                   {product} {ergonomic}
   size_t MinHeapSize                              = 8388608                                   {product} {ergonomic}
    uintx NonNMethodCodeHeapSize                   = 7602480                                {pd product} {ergonomic}
    uintx NonProfiledCodeHeapSize                  = 122027880                              {pd product} {ergonomic}
    uintx ProfiledCodeHeapSize                     = 122027880                              {pd product} {ergonomic}
    uintx ReservedCodeCacheSize                    = 251658240                              {pd product} {ergonomic}
     bool SegmentedCodeCache                       = true                                      {product} {ergonomic}
   size_t SoftMaxHeapSize                          = 7465861120                             {manageable} {ergonomic}
     bool UseCompressedOops                        = true                           {product lp64_product} {ergonomic}
     bool UseG1GC                                  = true                                      {product} {ergonomic}
     bool UseLargePagesIndividualAllocation        = false                                  {pd product} {ergonomic}

Logging:
Log output configuration:
 #0: stdout all=warning uptime,level,tags foldmultilines=false
 #1: stderr all=off uptime,level,tags foldmultilines=false

Environment Variables:
JAVA_HOME=D:\devcostudio\DevEco Studio\jbr
CLASSPATH=.;C:\Program Files\Java\jdk-17\lib\dt.jar;C:\Program Files\Java\jdk-17\lib\tools.jar;D:\jmeter\apache-jmeter-5.6.3\lib\ext\ApacheJMeter_core.jar; D:\jmeter\apache-jmeter-5.6.3\lib\jorphan.jar;
PATH=D:\devcostudio\DevEco Studio\tools\node;D:\devcostudio\DevEco Studio\jbr\bin;D:\MySQL\MySQL Server 8.0\bin;D:\bin\;C:\WINDOWS\system32;C:\Program Files\Common Files\Oracle\Java\javapath;C:\WINDOWS;C:\WINDOWS\System32\Wbem;C:\WINDOWS\System32\WindowsPowerShell\v1.0\;C:\WINDOWS\System32\OpenSSH\;C:\Program Files (x86)\Windows Kits\10\Windows Performance Toolkit\;C:\Users\26603\.vscode\mingw64\bin;C:\Program Files\Git\cmd;D:\javaSoft\apache-tomcat-10.0.0\lib;D:\javaSoft\apache-tomcat-10.0.0\bin;C:\Program Files\Java\jdk-17\bin;C:\Program Files\Java\jdk-17\jre\bin;D:\qt\6.8.0\mingw_64\bin;D:\qt\Tools\CMake_64\bin;D:\qt\Tools\mingw1120_64\bin;D:\sql\;D:\apache-maven-3.8.8\bin;D:\anaconda3;D:\anaconda3\Scripts;D:\anaconda3\Library\bin;D:\nodejs\;"D:\Android studio\sdk\cmdline-tools\platform-tools;D:\Android studio\sdk\cmdline-tools\tools";D:\AndroidSdk\platform-tools;D:\jmeter\apache-jmeter-5.6.3\bin;;C:\Program Files\EasyTier;D:\cursor\cursor\resources\app\bin;D:\Python\Python312\Scripts\;D:\Python\Python312\;D:\PyCharm\bin;;C:\Users\26603\AppData\Local\Programs\Microsoft VS Code\bin;D:\iverilog\bin;D:\iverilog\gtkwave\bin;C:\Users\26603\AppData\Roaming\npm;;C:\Users\26603\AppData\Local\Microsoft\WindowsApps;D:\kiro\Kiro\bin;D:\windsurf\Windsurf\bin;D:\devcostudio\DevEco Studio\bin;
USERNAME=26603
OS=Windows_NT
PROCESSOR_IDENTIFIER=AMD64 Family 25 Model 116 Stepping 1, AuthenticAMD
TMP=C:\Users\26603\AppData\Local\Temp
TEMP=C:\Users\26603\AppData\Local\Temp




Periodic native trim disabled

JNI global refs:
JNI global refs: 0, weak refs: 0

JNI global refs memory usage: 0, weak refs: 0

Process memory usage:
Resident Set Size: 13416K (0% of 29160084K total physical memory with 3089356K free physical memory)

OOME stack traces (most recent first):
Classloader memory used:

---------------  S Y S T E M  ---------------

OS:
 Windows 11 , 64 bit Build 26100 (10.0.26100.7309)
OS uptime: 4 days 18:55 hours
Hyper-V role detected

CPU: total 16 (initial active 16) (16 cores per cpu, 2 threads per core) family 25 model 116 stepping 1 microcode 0xa704101, cx8, cmov, fxsr, ht, mmx, 3dnowpref, sse, sse2, sse3, ssse3, sse4a, sse4.1, sse4.2, popcnt, lzcnt, tsc, tscinvbit, avx, avx2, aes, erms, clmul, bmi1, bmi2, adx, avx512f, avx512dq, avx512cd, avx512bw, avx512vl, sha, fma, vzeroupper, avx512_vpopcntdq, avx512_vpclmulqdq, avx512_vaes, avx512_vnni, clflush, clflushopt, avx512_vbmi2, avx512_vbmi, hv, rdtscp, rdpid, gfni, avx512_bitalg, f16c, cet_ss, avx512_ifma
Processor Information for processor 0
  Max Mhz: 3801, Current Mhz: 2018, Mhz Limit: 3801
Processor Information for processor 1
  Max Mhz: 3801, Current Mhz: 2018, Mhz Limit: 3801
Processor Information for processor 2
  Max Mhz: 3801, Current Mhz: 2018, Mhz Limit: 3801
Processor Information for processor 3
  Max Mhz: 3801, Current Mhz: 2516, Mhz Limit: 3801
Processor Information for processor 4
  Max Mhz: 3801, Current Mhz: 2018, Mhz Limit: 3801
Processor Information for processor 5
  Max Mhz: 3801, Current Mhz: 2018, Mhz Limit: 3801
Processor Information for processor 6
  Max Mhz: 3801, Current Mhz: 2018, Mhz Limit: 3801
Processor Information for processor 7
  Max Mhz: 3801, Current Mhz: 2018, Mhz Limit: 3801
Processor Information for processor 8
  Max Mhz: 3801, Current Mhz: 2018, Mhz Limit: 3801
Processor Information for processor 9
  Max Mhz: 3801, Current Mhz: 2018, Mhz Limit: 3801
Processor Information for processor 10
  Max Mhz: 3801, Current Mhz: 2018, Mhz Limit: 3801
Processor Information for processor 11
  Max Mhz: 3801, Current Mhz: 2018, Mhz Limit: 3801
Processor Information for processor 12
  Max Mhz: 3801, Current Mhz: 2018, Mhz Limit: 3801
Processor Information for processor 13
  Max Mhz: 3801, Current Mhz: 2018, Mhz Limit: 3801
Processor Information for processor 14
  Max Mhz: 3801, Current Mhz: 2018, Mhz Limit: 3801
Processor Information for processor 15
  Max Mhz: 3801, Current Mhz: 2018, Mhz Limit: 3801

Memory: 4k page, system-wide physical 28476M (3016M free)
TotalPageFile size 49716M (AvailPageFile size 62M)
current process WorkingSet (physical memory assigned to process): 13M, peak: 13M
current process commit charge ("private bytes"): 71M, peak: 519M

vm_info: OpenJDK 64-Bit Server VM (21.0.8+1-b1038.71) for windows-amd64 JRE (21.0.8+1-b1038.71), built on 2025-09-04 by "builduser" with MS VC++ 16.10 / 16.11 (VS2019)

END.
